// Jest Snapshot v1, https://goo.gl/fbAQLP

exports[`EventList should render correctly 1`] = `
<body>
  <div>
    <div />
    <div />
    <div
      class="row"
    >
      <div
        class="col"
      >
        <button
          class="btn btn-success"
          type="button"
        >
          Add event
        </button>
      </div>
    </div>
    <div
      class="event-list row"
    >
      <div
        class="col-sm-4"
      >
        <div
          class="past-event card"
        >
          <div
            class="card-body"
          >
            <div
              class="card-title"
            >
              test event name
               
               
              <span
                class="badge badge-info"
              >
                Past event
              </span>
            </div>
            <div
              class="text-muted card-subtitle"
            >
              1970-01-01
               - 
              1970-01-02
            </div>
            <p
              class="card-text"
            >
              test event description
            </p>
            <button
              class="btn btn-primary"
              type="button"
            >
              Edit
            </button>
            <button
              class="btn btn-danger"
              type="button"
            >
              Remove
            </button>
          </div>
        </div>
      </div>
    </div>
  </div>
</body>
`;
