// Jest Snapshot v1, https://goo.gl/fbAQLP

exports[`EventForm component should render correctly 1`] = `
"<Modal isOpen={true} toggle={[Function: mockConstructor]} autoFocus={true} centered={false} scrollable={false} role=\\"dialog\\" backdrop={true} keyboard={true} zIndex={1050} fade={true} onOpened={[Function: noop]} onClosed={[Function: noop]} modalTransition={{...}} backdropTransition={{...}} unmountOnClose={true} returnFocusAfterClose={true} container=\\"body\\">
  <form onSubmit={[Function: confirm]}>
    <ModalHeader toggle={[Function: mockConstructor]} tag=\\"h5\\" wrapTag=\\"div\\" closeAriaLabel=\\"Close\\" charCode={215}>
      Test heading
    </ModalHeader>
    <ModalBody tag=\\"div\\">
      <FormGroup required={true} tag=\\"div\\">
        <Label for=\\"name\\" tag=\\"label\\" widths={{...}}>
          Event name *
        </Label>
        <Input required={true} type=\\"text\\" id=\\"name\\" value=\\"\\" onChange={[Function: handleChangeText]} />
      </FormGroup>
      <FormGroup required={true} tag=\\"div\\">
        <Label for=\\"from\\" tag=\\"label\\" widths={{...}}>
          From *
        </Label>
        <Input required={true} type=\\"date\\" id=\\"from\\" value=\\"2020-08-24\\" onChange={[Function: handleChangeDateRange]} />
      </FormGroup>
      <FormGroup required={true} tag=\\"div\\">
        <Label for=\\"to\\" tag=\\"label\\" widths={{...}}>
          To *
        </Label>
        <Input required={true} type=\\"date\\" id=\\"to\\" value=\\"2020-08-24\\" onChange={[Function: handleChangeDateRange]} />
      </FormGroup>
      <FormGroup tag=\\"div\\">
        <Label for=\\"description\\" tag=\\"label\\" widths={{...}}>
          Description
        </Label>
        <Input type=\\"textarea\\" id=\\"description\\" value=\\"\\" onChange={[Function: handleChangeText]} />
      </FormGroup>
    </ModalBody>
    <ModalFooter tag=\\"div\\">
      <Button color=\\"primary\\" type=\\"submit\\" tag=\\"button\\">
        Test button text
      </Button>
       
      <Button color=\\"secondary\\" onClick={[Function: mockConstructor]} tag=\\"button\\">
        Cancel
      </Button>
    </ModalFooter>
  </form>
</Modal>"
`;
